// Jest Snapshot v1, https://goo.gl/fbAQLP

exports[`App renders without crashing 1`] = `
"<AuthState>
  <Memo(GlobalStyleComponent) />
  <Root />
</AuthState>"
`;
